// Jest Snapshot v1, https://goo.gl/fbAQLP

exports[`renders Card component correctly 1`] = `
<div
  className="Card"
>
  <h4
    className="Card-title"
  >
    Test Caption
  </h4>
  <img
    alt="Test Caption"
    className="Card-image"
    src="test.jpg"
  />
  <small
    className="Card-small"
  >
    Image 
    1
     of 
    3
    .
  </small>
</div>
`;
